// Jest Snapshot v1, https://goo.gl/fbAQLP

exports[`SearchBox should render 1`] = `
ShallowWrapper {
  Symbol(enzyme.__root__): [Circular],
  Symbol(enzyme.__unrendered__): <SearchBox
    handleSearch={[MockFunction]}
    handleTimer={[MockFunction]}
  />,
  Symbol(enzyme.__renderer__): Object {
    "batchedUpdates": [Function],
    "getNode": [Function],
    "render": [Function],
    "simulateError": [Function],
    "simulateEvent": [Function],
    "unmount": [Function],
  },
  Symbol(enzyme.__node__): Object {
    "instance": null,
    "key": undefined,
    "nodeType": "host",
    "props": Object {
      "children": <input
        className="searchTerm"
        onChange={[MockFunction]}
        onKeyUp={[Function]}
        placeholder="search: (e.g. red, fire truck)"
        type="search"
      />,
      "className": "",
    },
    "ref": null,
    "rendered": Object {
      "instance": null,
      "key": undefined,
      "nodeType": "host",
      "props": Object {
        "className": "searchTerm",
        "onChange": [MockFunction],
        "onKeyUp": [Function],
        "placeholder": "search: (e.g. red, fire truck)",
        "type": "search",
      },
      "ref": null,
      "rendered": null,
      "type": "input",
    },
    "type": "div",
  },
  Symbol(enzyme.__nodes__): Array [
    Object {
      "instance": null,
      "key": undefined,
      "nodeType": "host",
      "props": Object {
        "children": <input
          className="searchTerm"
          onChange={[MockFunction]}
          onKeyUp={[Function]}
          placeholder="search: (e.g. red, fire truck)"
          type="search"
        />,
        "className": "",
      },
      "ref": null,
      "rendered": Object {
        "instance": null,
        "key": undefined,
        "nodeType": "host",
        "props": Object {
          "className": "searchTerm",
          "onChange": [MockFunction],
          "onKeyUp": [Function],
          "placeholder": "search: (e.g. red, fire truck)",
          "type": "search",
        },
        "ref": null,
        "rendered": null,
        "type": "input",
      },
      "type": "div",
    },
  ],
  Symbol(enzyme.__options__): Object {
    "adapter": ReactSixteenAdapter {
      "options": Object {
        "enableComponentDidUpdateOnSetState": true,
        "lifecycles": Object {
          "componentDidUpdate": Object {
            "onSetState": true,
          },
          "getDerivedStateFromProps": true,
          "getSnapshotBeforeUpdate": true,
          "setState": Object {
            "skipsComponentDidUpdateOnNullish": true,
          },
        },
      },
    },
  },
}
`;
